src/components/AppIcon.tsx(1,1): error TS6133: 'React' is declared but its value is never read.
src/components/CalendarView.tsx(2,45): error TS6133: 'Paper' is declared but its value is never read.
src/components/DeleteDialog.tsx(1,1): error TS6133: 'React' is declared but its value is never read.
src/components/Editor/CompactActionBar.tsx(79,39): error TS6133: 'e' is declared but its value is never read.
src/components/Editor/CompactActionBar.tsx(339,54): error TS6133: 'e' is declared but its value is never read.
src/components/Editor/PhotoUpload.tsx(12,58): error TS6133: 'userId' is declared but its value is never read.
src/components/EntryEditor.tsx(5,15): error TS6133: 'Paper' is declared but its value is never read.
src/components/EntryEditor.tsx(5,67): error TS6133: 'Tooltip' is declared but its value is never read.
src/components/EntryEditor.tsx(5,76): error TS6133: 'Divider' is declared but its value is never read.
src/components/EntryEditor.tsx(6,52): error TS6133: 'ImageIcon' is declared but its value is never read.
src/components/EntryList.tsx(1,8): error TS6133: 'React' is declared but its value is never read.
src/components/Layout.tsx(1,8): error TS6133: 'React' is declared but its value is never read.
src/pages/Calendar.tsx(1,8): error TS6133: 'React' is declared but its value is never read.
src/pages/Entry.tsx(4,21): error TS6133: 'Trash2' is declared but its value is never read.
src/pages/Entry.tsx(100,16): error TS6133: 'e' is declared but its value is never read.
src/pages/Entry.tsx(257,33): error TS6133: 'e' is declared but its value is never read.
src/pages/Home.tsx(1,8): error TS6133: 'React' is declared but its value is never read.
src/pages/Home.tsx(3,16): error TS6133: 'Book' is declared but its value is never read.
src/pages/Home.tsx(3,32): error TS6133: 'Search' is declared but its value is never read.
src/pages/Home.tsx(3,40): error TS6133: 'MapPin' is declared but its value is never read.
src/pages/Home.tsx(9,1): error TS6133: 'CalendarIcon' is declared but its value is never read.
src/pages/Search.tsx(1,8): error TS6133: 'React' is declared but its value is never read.
src/pages/Search.tsx(3,42): error TS6133: 'MapPin' is declared but its value is never read.
src/pages/Settings.tsx(1,8): error TS6133: 'React' is declared but its value is never read.
src/pages/Settings.tsx(2,42): error TS6133: 'Avatar' is declared but its value is never read.
src/pages/Settings.tsx(2,75): error TS6133: 'Grid' is declared but its value is never read.
src/pages/Settings.tsx(2,81): error TS6133: 'Chip' is declared but its value is never read.
src/pages/Settings.tsx(2,87): error TS6133: 'Alert' is declared but its value is never read.
src/pages/Settings.tsx(7,10): error TS6133: 'LogOut' is declared but its value is never read.
src/pages/Settings.tsx(7,18): error TS6133: 'User' is declared but its value is never read.
src/pages/Settings.tsx(7,34): error TS6133: 'Trash2' is declared but its value is never read.
src/pages/Settings.tsx(7,48): error TS6133: 'Sun' is declared but its value is never read.
src/utils/helpers.ts(1,1): error TS6133: 'JournalEntry' is declared but its value is never read.
